// Jest Snapshot v1, https://goo.gl/fbAQLP

exports[`reports renders correctly 1`] = `
<div
  class="reports"
  data="[object Object]"
>
  <leftnav-stub />
   
  <div
    class="main-reports"
  >
    <div
      class="calendar"
    >
      <v-date-picker
        attributes="[object Object]"
        class="date-picker"
        first-day-of-week="2"
        is-dark=""
        is-range=""
        masks="[object Object]"
<<<<<<< HEAD
        max-date="Thu Aug 19 2021 08:43:52 GMT+0200 (Central European Summer Time)"
=======
<<<<<<< HEAD
        max-date="Thu Aug 19 2021 21:04:12 GMT+0200 (Central European Summer Time)"
=======
        max-date="Thu Aug 19 2021 08:43:52 GMT+0200 (Central European Summer Time)"
>>>>>>> c4dc202 (mutation,getters tests)
>>>>>>> 913ab8d (mutation,getters tests)
        select-attribute="[object Object]"
      />
    </div>
     
    <div
      class="main-container"
    >
      <div
        class="line-chart-container"
      >
        <linechart-stub />
      </div>
       
      <div
        class="pie-chart-container"
      >
        <piechart-stub />
      </div>
       
      <div
        class="table-container"
      >
        <table-stub />
      </div>
    </div>
  </div>
   
  <rightnav-stub />
</div>
`;
